{
  "version": "1.5.0",
  "plugins_used": [
    {
      "name": "ArtifactoryDetector"
    },
    {
      "name": "AWSKeyDetector"
    },
    {
      "name": "AzureStorageKeyDetector"
    },
    {
      "name": "Base64HighEntropyString",
      "limit": 4.5
    },
    {
      "name": "BasicAuthDetector"
    },
    {
      "name": "CloudantDetector"
    },
    {
      "name": "DiscordBotTokenDetector"
    },
    {
      "name": "GitHubTokenDetector"
    },
    {
      "name": "GitLabTokenDetector"
    },
    {
      "name": "HexHighEntropyString",
      "limit": 3.0
    },
    {
      "name": "IbmCloudIamDetector"
    },
    {
      "name": "IbmCosHmacDetector"
    },
    {
      "name": "IPPublicDetector"
    },
    {
      "name": "JwtTokenDetector"
    },
    {
      "name": "KeywordDetector",
      "keyword_exclude": ""
    },
    {
      "name": "MailchimpDetector"
    },
    {
      "name": "NpmDetector"
    },
    {
      "name": "OpenAIDetector"
    },
    {
      "name": "PrivateKeyDetector"
    },
    {
      "name": "PypiTokenDetector"
    },
    {
      "name": "SendGridDetector"
    },
    {
      "name": "SlackDetector"
    },
    {
      "name": "SoftlayerDetector"
    },
    {
      "name": "SquareOAuthDetector"
    },
    {
      "name": "StripeDetector"
    },
    {
      "name": "TelegramBotTokenDetector"
    },
    {
      "name": "TwilioKeyDetector"
    }
  ],
  "filters_used": [
    {
      "path": "detect_secrets.filters.allowlist.is_line_allowlisted"
    },
    {
      "path": "detect_secrets.filters.common.is_ignored_due_to_verification_policies",
      "min_level": 2
    },
    {
      "path": "detect_secrets.filters.heuristic.is_indirect_reference"
    },
    {
      "path": "detect_secrets.filters.heuristic.is_likely_id_string"
    },
    {
      "path": "detect_secrets.filters.heuristic.is_lock_file"
    },
    {
      "path": "detect_secrets.filters.heuristic.is_not_alphanumeric_string"
    },
    {
      "path": "detect_secrets.filters.heuristic.is_potential_uuid"
    },
    {
      "path": "detect_secrets.filters.heuristic.is_prefixed_with_dollar_sign"
    },
    {
      "path": "detect_secrets.filters.heuristic.is_sequential_string"
    },
    {
      "path": "detect_secrets.filters.heuristic.is_swagger_file"
    },
    {
      "path": "detect_secrets.filters.heuristic.is_templated_secret"
    },
    {
      "path": "detect_secrets.filters.regex.should_exclude_file",
      "pattern": [
        "node_modules",
        "\\.pytest_cache"
      ]
    }
  ],
  "results": {
    "api/src/routes/voice-live.test.ts": [
      {
        "type": "Secret Keyword",
        "filename": "api/src/routes/voice-live.test.ts",
        "hashed_secret": "99af2f83aeb1b04f0a60748500e7dbbdacadb7c6",
        "is_verified": false,
        "line_number": 16
      }
    ],
    "scripts/lineage_daemon/complete_effect_verify_test.py": [
      {
        "type": "Hex High Entropy String",
        "filename": "scripts/lineage_daemon/complete_effect_verify_test.py",
        "hashed_secret": "b4c9248600a42f8c38c01b632f392dbcb4c7b19a",
        "is_verified": false,
        "line_number": 13
      }
    ],
    "scripts/lineage_daemon/complete_provider_completion_test.py": [
      {
        "type": "Hex High Entropy String",
        "filename": "scripts/lineage_daemon/complete_provider_completion_test.py",
        "hashed_secret": "b4c9248600a42f8c38c01b632f392dbcb4c7b19a",
        "is_verified": false,
        "line_number": 13
      }
    ],
    "scripts/lineage_daemon/complete_provider_timing_test.py": [
      {
        "type": "Hex High Entropy String",
        "filename": "scripts/lineage_daemon/complete_provider_timing_test.py",
        "hashed_secret": "b4c9248600a42f8c38c01b632f392dbcb4c7b19a",
        "is_verified": false,
        "line_number": 12
      }
    ],
    "scripts/lineage_daemon/wal/digest_test.py": [
      {
        "type": "Hex High Entropy String",
        "filename": "scripts/lineage_daemon/wal/digest_test.py",
        "hashed_secret": "90bd1b48e958257948487b90bee080ba5ed00caa",
        "is_verified": false,
        "line_number": 91
      }
    ],
    "scripts/lineage_daemon/wal/normalize_test.py": [
      {
        "type": "Base64 High Entropy String",
        "filename": "scripts/lineage_daemon/wal/normalize_test.py",
        "hashed_secret": "99f021dafd2e99243a00156c612eaa7db01635ed",
        "is_verified": false,
        "line_number": 116
      }
    ],
    "services/arturo/test_stream_relay_hume.py": [
      {
        "type": "Secret Keyword",
        "filename": "services/arturo/test_stream_relay_hume.py",
        "hashed_secret": "4fe0d24231b6309c90a78eeb8dc6ff2ca2d4cb85",
        "is_verified": false,
        "line_number": 355
      },
      {
        "type": "Secret Keyword",
        "filename": "services/arturo/test_stream_relay_hume.py",
        "hashed_secret": "9ec65b42f1dd0cf068e873671f38b475cb23e5e6",
        "is_verified": false,
        "line_number": 363
      }
    ]
  },
  "generated_at": "2026-09-16T22:40:26Z"
}
